UCOorBupX-4jRDwDntU24H_g
UC7_ztEZK75xt6MAzLhsTdQg
UCeKtf7SQ5d1_WB882Kr3BsQ
UCwknvb2UKxbAz1vq2dA_Arg
UCSNQ7Dl2NJD6j_7g5xdqJXg
UCTELu9pmi8gFUpZ8J_nTLDw
UCVynnyggtJ4vg79cw-9YueA
UC6-YrdbddYrZkT2jYLthqYg
UC-wlBJORZtSnhOAaxQADSdg
UCgOnMoODdejMsCy7JVcRR8Q
UCiMobnieWCFb2AhRIonh_cw
UCdbwDZWkpbzssuqcQer0XMg
UCKTGwziJKbHJ_gnOEh0Kraw
UCTMANLiP9JcY3Kw4TPFLlOg
UCqbK2vKuYcMjMfqnNCW3cQQ
UCdOWGmMRgFmd4mCI-9vNfYQ
UCCyHGxfQ5EUwpf_jFKLqGiA
UCvI6eVkT3A4LEhWOt3UpCIA
UC53IGIQSOaijN4TIxBbVqhQ
UC5b_nwI5v7JJ26YLYLJ9GEQ
UCfA2e5iXmBvAgbEGxTjruwA
UCCPZaACu7g0nPXEd9p-DuHg
UCBS70bGngsgSWbnNdHFhr7g
UCJ5SkHWRhnHN0bubbU81-Yw
UCyHHZUj7fCITOr6Fytkn2eA
UC-SJkURwIClznvzq6UQ44Yw
UCjpMRgue5i0AD2l7NaV-qFw
UC8e5y3142k8sa2ND78x826Q
UCab-eyZ2ujrtcY_kXJvVdBg
UCRGXvrw801zNFOhTR7W22jw
UCQBwU5y6Vu-znVRltE_fU2g
UCiLDlxqZur5TqQpxOwSWGjw
UC9uHJd0VeXLMoyVnQ-j6mdQ
UCJaNi5qmPJmYOrrUl9PknQA
UCB3OtKg59NoyZx2AwcyHM0g
UC9-GvnenV6fqv8UN-JxfSVg
UCo16_yMqbRhghACrWlxjtxA
UCjJa2QsPF_XpUudaG4PdrrQ
UC3yAYWlH0s_lg_vptg_upSA
UCBhl_JGTGlVnMiaZI6jid0A
UC7lrx7tUcHeFk2JnZpkUd2A
UCm5KEhdS7X73xORSON3eKBw
UCLpJbXWVm6LKfPFGJC0Wbfg
UCa9noA6KmseeJ6AGBwY7weA
UCT3ryD0t74I9gI0eBAG0T3g
UC4hwIV1IPzM6gs9DInUwgjw
UCpsSX6ST8Rzozo5ZVqe9TCg
UCETjzqlltABlmznFpXYBe0w
UCMLGgyA8yG282rjlNwhVrYA
UCroPuaiiedEwcEGqEkNWbcw
UCtJKQ8AgA9GFDq8mEmxj-ag
UCvKcKEEI8WOZN5Vap0XWJqw
UCsS6I0Tn2UIZXgZmdTBtrPA
UCXjmRMQ3uegDnqkkIMSxUWw
UCvz3SEMg0-PbIsb_r_FxkJg
UCDB_73li7npaKZUPy4Wpa2Q
UC-BBrEq4LqYJtVYeeRresNw
UCcdbaJyzDIn1L3TPI9SY7Cw
UCXIiUPpR5wQzUcvjtenObTw
UCyEMBGR7FCS-OqAuiP4Diig
UCziZl7aGbW6iftRDkjQg79A
UCV400ibdxiQiVKBYO2tlgEg
UCtnbINYT7lDPWgTnou4pXIg
UCLP1Y4m3nrtHYiBeALbvTvw
UCrH9hOfZVYDdcRhnkCVc3GQ
UCjL5L4ihcDrQETJgpqkxxPg
UCXl4O0sSgVkbuf_rEAEUZPg
UCUXsod7HhVuBtgo4rgUEnBQ
UCHir6HvR0-Pu8_oV2sLJQIQ
UC7rCF2Qwjk25RBG6KXDO1Zg
UC5g4OMwObLEs94E3mo3aEYg
UCW3HCuld2NgpSOuv77zSusw
UCf9IZhmcS0Ztjjg8XFzGsWg
UC7LqeFn9BK_TCh86bhAiZCw
UCg7hxkLweglcpG9KjMWTTqg
UCYQcCl8GlP8RO6M0V6OxF1A
UCCNmZ6CZaAss2ygatdkpO7A
UCAxoLqCUky4lf-u13wDXbUg
UCfJBhY9Xltqf2oXvYRGv7Kg
UCUwwX-6lfhmJ3FUWA6d_zEg
UCisi6rtb1_Ufdv3M22T6beQ
UC62c6MllNd0S6fbR8jUP4Vg
UC9TW4tLW_yxNfx1weQnIRGQ
UCX6pcjrcNqylUZaeQ00DPig
UCxX7Q4njrDR7UGXmHQZRGCA
UCNH7ZYgYGeLUp8ajOHXF5DQ
UC6csP2IiAG4ZtRxJBcOx0uA
UCa_cl1LIvadlOXrW3jimLbA
UCVTPS6ue1OX-8q4eXo-eANA
UCerHJ4tUjVYoFEafaEc_jSg
UCAD4n4rZEWvtdAFgB7mbGdQ
UCOE2LFyDUVjYwEj2oN_SVRw
UCoVjAnMdp0NL2YWk4Jy-uDg
UConp5N6eGYPelB_uvPBV0Kw
UCnRpJtRSAK_7I6GM7Ebc5kA
UCi9olVPpDfQc9SOylAyZzag
UCvfEKYmJuNy8QdvgNPAjkvg
UCE9v_7Jpze8TBLZxvLg--XQ
UCz12nu_H6b2PooWmVCoMQRQ
UCervQHt2ZpnrscB9kKZCa3Q
UCRWYTOPZAW1IU1tMUzISQnQ
UC-0JTs2Hg0PId-oLMBu5MGw
UC-0MIaRDFHTOL637NJg6jnw
UC-1_IcjWwUrv8fUI_6nKkeA
UC-2uoufEER4sO-0voFOjotQ
UC-7OdIvTpPpAy-kwDByq-XA
UC-82fQNiZUEOIXsbhHcQcJQ
UC-AzEwnzhJ3lYMPzfhjP-qA
UC-AhjaKzJDDOxdonPZShwuw
UC-ASJOtfHeC00heZ9TtEtvw
UC-B7WOiFEKY3yYgRl8XZFyw
UC-Fz21d8CPQTfujyk98HQBA
UC-G-8UhG4Ggn1NLKisPXC7Q
UC-Ho-BWBV5pVp3Yi9l9U8UA
UC-HoVYqnylN3lR0i7GjhK8Q
UC-IE-lfbInLsVFogMlH2N4Q
UC-IIZMiYsG_vWDicUhCrNfA
UC-Iy1SDEH04RFGv4gh9fouA
UC-JNqOKsc2XOAcpb-pLnYDg
UC-P5TWpEdcPDt7XUeK6N2Ug
UC-SS-1DDogP_1ViBvXoe9ng
UC-X7ZrwXk9Excv-d971u1Ag
UC-XMT5tHMdrLDiIJvt8kBTA
UC-Y_ScELHF8ha7gXHdqu4Ow
UC-eXjDVmv39uTOEcrbn6mBw
UC16nn58MsYaaUtJCG2S7BjA
UC19lALj-hpdK_wTik5k7lBA
UC16di_nCLwXGQG1btc1SH-A
UC1-3Mj5otsLO2bD5S0r7G4A
UC0sNzbsYMqB9blZeRj1Kh-w
UC0rv2eexkGlKWS_iGvOHKbg
UC0pCMdL3KJD4gudHngHIoPw
UC0orZRtqAvKz_dvsvLwnjAg
UC0hjO_0p2eSO7E3F_MTW1aQ
UC0gtVGcLx40OwI_ynRdkFMQ
UC0fUWMVxgnrVTJ8eeOaC2dg
UC0f-c-DdZnvnMVQP4luDomw
UC0cRB7tCg7R2muVf4raGRLQ
UC0a_nC75foCuQgV59bwWqpA
UC0HXvrPuWC_BpcG-mx5VvDA
UC0IL6OuHn6S5kLiAdAW0cEQ
UC0G0onPjUo8YESTBW25_qqg
UC0El0IYt2mSarj0j5S7J7wA
UC0C7Q2dSFkmPEbjNAaP-csA
UC07saXyhTVmGtjbt91p27Bw
UC07n-BXnmYTkGgZt_ro_FEw
UC03aOEfEbimFZ2B6p2YG35A
UC03ET9hZHi--8h7fblK-R1A
UC-xOL1ly3aSU12S6BW5Wtyw
UC-sb4FtlYyf16SGE8oo6D2Q
UC-s8w-0v-CPs4LS435DlMUg
UC-r7TH0g3XhmXfWWMr7z6dA
UC-pS8GeBb21UN9uVgKie8Ag
UC-mpU8eqUc5as0IyU3t0xhQ
UC-mGrWglzrrmCG90nC6pYuQ
UC-m5lS8MSyOq5hEgv_H0wFg
UCifTa-Tx2OCFREJHKT0XWJw
UCgW1GOLXKlBK_F1NGm17WUw
UCCpWMLIxSFtZsnHb2t0BdxA
UCzx6R1XMThKTkebI1UDY0cA
UCE-b8YaHxUI9-v_e6FCopoQ
UC3K1VS_Vtuk7H1ghuE-BkJw
UCHvYH97JK25GAcDAiY0K2Cg
UCytZ1bYVDlBtPk06acWcdHw
UC3AGRFBoPPl0BvR_j05swAQ
UCIwqzgmsorvvcLgCgZYqQlw
UCMCzwC_3ZoW_7hWgQCAe4lg
UCOG8JEQHVyrp15hBPF_ai9A
UCPiDBR1B45YSM287c-qnJpg
UCfXkipxogsPOkPuakCQxMyg
UCn13tpwHhrBYmX8-7xEFBIg
UCo7MibLhb3e4wv2YTt1NkTg
UCqjmJB43cVjvoqzSiOFVYig