UCOorBupX-4jRDwDntU24H_g
UC7_ztEZK75xt6MAzLhsTdQg
UCeKtf7SQ5d1_WB882Kr3BsQ
UCwknvb2UKxbAz1vq2dA_Arg
UCSNQ7Dl2NJD6j_7g5xdqJXg
UCTELu9pmi8gFUpZ8J_nTLDw
UCVynnyggtJ4vg79cw-9YueA
UC6-YrdbddYrZkT2jYLthqYg
UC-wlBJORZtSnhOAaxQADSdg
UCgOnMoODdejMsCy7JVcRR8Q
UCiMobnieWCFb2AhRIonh_cw
UCdbwDZWkpbzssuqcQer0XMg
UCKTGwziJKbHJ_gnOEh0Kraw
UCTMANLiP9JcY3Kw4TPFLlOg
UCqbK2vKuYcMjMfqnNCW3cQQ
UCdOWGmMRgFmd4mCI-9vNfYQ
UCCyHGxfQ5EUwpf_jFKLqGiA
UCvI6eVkT3A4LEhWOt3UpCIA
UC53IGIQSOaijN4TIxBbVqhQ
UC5b_nwI5v7JJ26YLYLJ9GEQ
UCfA2e5iXmBvAgbEGxTjruwA
UCCPZaACu7g0nPXEd9p-DuHg
UCBS70bGngsgSWbnNdHFhr7g
UCJ5SkHWRhnHN0bubbU81-Yw
UCyHHZUj7fCITOr6Fytkn2eA
UC-SJkURwIClznvzq6UQ44Yw
UCjpMRgue5i0AD2l7NaV-qFw
UC8e5y3142k8sa2ND78x826Q
UCab-eyZ2ujrtcY_kXJvVdBg
UCRGXvrw801zNFOhTR7W22jw
UCQBwU5y6Vu-znVRltE_fU2g
UCiLDlxqZur5TqQpxOwSWGjw
UC9uHJd0VeXLMoyVnQ-j6mdQ
UCJaNi5qmPJmYOrrUl9PknQA
UCB3OtKg59NoyZx2AwcyHM0g
UC9-GvnenV6fqv8UN-JxfSVg
UCo16_yMqbRhghACrWlxjtxA
UCjJa2QsPF_XpUudaG4PdrrQ
UC3yAYWlH0s_lg_vptg_upSA
UCBhl_JGTGlVnMiaZI6jid0A
UC7lrx7tUcHeFk2JnZpkUd2A
UCm5KEhdS7X73xORSON3eKBw
UCLpJbXWVm6LKfPFGJC0Wbfg
UCa9noA6KmseeJ6AGBwY7weA
UCT3ryD0t74I9gI0eBAG0T3g
UC4hwIV1IPzM6gs9DInUwgjw
UCpsSX6ST8Rzozo5ZVqe9TCg
UCETjzqlltABlmznFpXYBe0w
UCMLGgyA8yG282rjlNwhVrYA
UCroPuaiiedEwcEGqEkNWbcw
UCtJKQ8AgA9GFDq8mEmxj-ag
UCvKcKEEI8WOZN5Vap0XWJqw
UCsS6I0Tn2UIZXgZmdTBtrPA
UCXjmRMQ3uegDnqkkIMSxUWw
UCvz3SEMg0-PbIsb_r_FxkJg
UCDB_73li7npaKZUPy4Wpa2Q
UC-BBrEq4LqYJtVYeeRresNw
UCcdbaJyzDIn1L3TPI9SY7Cw
UCXIiUPpR5wQzUcvjtenObTw
UCyEMBGR7FCS-OqAuiP4Diig
UCziZl7aGbW6iftRDkjQg79A
UCV400ibdxiQiVKBYO2tlgEg
UCtnbINYT7lDPWgTnou4pXIg
UCLP1Y4m3nrtHYiBeALbvTvw
UCJzedxU6P-JzWru_2zEhhzw