UCmJivQwrkOgZvqo--Udn4Vg
UCs82NvxXmcxkCn1g7M_we7w
UCdPEwS3ThWaot4CjuQSZ2iw
UC-8KHP_Y9Ev2JHdcJZDBRiA
UCEc3pqpT2KmoArMdB9LbUng
UCQoMhdU9lf4xjrycifSIayA
UCIfLdvGKhA7Wh7Tu4lzhkzQ
UCKb1NqRe6J09E1YlN7uO0Nw
UCTy8nQ4A_Zc2wXCOYbfYCIA
UCzGSA_plY3CrXq8Zv4ree0w
UCQEV7p5EzG3A5Wficv0Bj8Q
UC8Irpwg09ljmwm_2FJH5hYw
UChVgDyfKdPTXSr3V9JI-z-Q
UCk4oauD5Jp91OhghEhNxLtg
UCyRylrWhdQ-5lpb5PEMSOYQ
UCpwKt_XK7pje1n2XuuUbzZQ
UCO5VhvXUxEFIiWLvb2MlKPg
UCnTuglEMXOTGo98cSdcc_5A
UCHKNxdhZWrojQydwiPhUafw
UCF8uHyqL4tUx38pd0geVHpg
UCPrX260pPaT9Aj8F2GVokig
UC9-h1DibG7eslxYkYFRrVVQ
UCsa3KKRI0OulpAYiBFHZXWQ
UCsv8vQZWFcOAGxNnOczrRTg
UCJUfzeQB5tjx8QmfGufIRSg
UCfv_71qOeeyziK0jDn8bMjA
UCIrDsKSxTPwLLPdxtHyQJVw
UCWn64d0sdIPdDsVkYxcEqtQ
UClv5PBtT3ZB1qGpMQxnh6ng
UCtlZ4mxuXC3E4KcaHzYI7cw
UCQDWmuAZn4eOkEWN_jjo19A
UC0-RVE4nwqi_oj9J0T07aVw
UCOS725LD6EwqbdlB3IQ1i9g
UCLDsLtNYD8Sh2f2uiPPKGwA
UCabmr-l8tLumkdcdPHGNU0Q
UC1Kt_r599MJyRCkrU9gC5Vg
UC5xltK_UWxYBW9l8ItWYa8g
UCps_KhkJbkqayVQ4GvwjLlw
UCli3qbpP0a0dWh8cfsEtkAQ
UCB8lkKw3bZH4yrAa2o8BgYQ
UC15mlYcLn-YZQh7qS9IjdLg
UCROBDGDkpq1BmagVSBmj8zw
UChya-61U9BXBMO_FjikHGeg
UC5BMCxAfGg-KQjlv0gWU_Jw
UCNaofOUtMIzjNVG62B31KYg
UCAqZzkinpBZfTUpolqul2uQ
UCJshTcknZVSdbK4CAe0zUYQ
UCkfd6Gx41W5_XquGulIWWEw
UCmQDIOM8QoPjBgzZyikt-Bw
UC254EQNjpFeF2cIZXQRj3PA
UCm20hR5vb-X8bcyohO6JxjA
UCMmY3MRE1Qa8dKi8DqouhRw
UC9jkijeB9SrfEmgaiWQF77g
UCbe7RdUXk4p3g7PTnUKZ0lQ
UC61Um2OOhfk0-5DHF-2dGPw
UCM-jBywi4Q_fN_BzEj_SMWg
UCEeyAwT6gqvC4DrFddP_oYA
UC08JTtR_5UMx6LUB_goStEQ
UCuTyPR8ASvhCgl2SZq2FMIQ
UCfNVg7dJ-XAFJz9DdRg6sZg
UCTJeUPmqE6MSxIPwWZT64fw
UCWvjcbjrNb22BUErML56rQQ
UChxvVEnizq9-4m0XhxJkIKA
UCeDqbSYaAVaF5d0o8mW8mnA
UC8LhArwufPYdVOe_5FOiayw
UCQZfxOwnQIL3vbWvNwJQO1A
UCr0yeUmVoXIv_AQ4ai55sNA
UCPBo9IPdVHUBS03lCddhGQw
UCQaDKBP_BMJNEK4ka97HiSw
UCAcMwJOfhw6V8z8UPc7fcAA
UCdVyJ5DGEXA6TVYkveyyOpA
UC6hmmEDlVd_J--VN8D7BseQ
UCzUGUVzlt3Ll-0pRs1p5mOQ
UCVQyNf-KG6UKvK-P4Q3MM6w
UCQwjH7vSMsEcvSLO5hw9VIA
UCzInzUEDrCCCg3mwx56wXDw
UCgOxt3C5yAm_g0uS2YpA_TA
UCrxK4JT_FkqVojnG5c9yExg
UCqce072csYc5C2NqxHdQ4Mw
UCkK3Vkex7Tcs3Jko8GUK0Aw
UCeR-uI4qpMsjfwWFqrM-Aig
UCavQxR85NPV5YHF6o2XmNiw
UCPwSc8f-i66BzQXgk84VvCw
UCD8ET3Rof5MlmvnD1UCWmSw
UC3viG3UVa1AJPpJ9k4afXbA
UCCeU7Mlt_LhOyzpsCG2sXcg
UCtdvWwWZ_PD-DGtYY2iCygg
UC4LzKE52kT1PzN74Vef75ag
UCE8Sh51j7uNPOD0bv-L3L3w
UCANnPh_VrB3zhl9p9CWCGXw
UCMGPlbzNOdaVVUCzFot6Jow
UCwsbz-C9w68CLtKj4_61TLA
UCuUCkiMQw2ksB4fPLWLN6Qg
UC9B-MJp_-TRcORFbSK9hozA
UCT2jOF_KffxZ8VbvnKYNZog
UCf-QisA7i3tP5TmEAv6ucvA
UCNWFc4cawjpwa6dk0O30B5w
UCIrvmpIOot54u6sbMa3J37A
UCnM0ZYsjRgD7LvzCeJ_nxdA
UCKPPegG7Mp2f9PLz-my1EgQ
UCh7-tdfd-QdCU39JWfd2eVQ
UC3dJaM9JlnhfLW_bnpc9-Gg
UCqiIMMQaXXhd5xntHPXoqUw
UCoafKp-9bN7Sf5o19DKJxtw
UC0MMW1cwU8_uXiiYpy_O6hQ
UC5_qaHlZbCtKH0kbNQtL_nQ
UCOX0YfDaA88iz8jBniPGFeA
UC3Xch-gNQ9d7VQVMoOsuHQg
UCRQF0HM6rAcXA-UH3NfJLKQ
UCNB_N1D3pL3Ui04Z0K1j3XA
UCH6kNePNyl2iCndf76XVV7g
UCg3AFAny12FjsEO-fnhWSow
UCDBs1xnR87YvdFUkvQjuRSg
UCtJ3v-UdJeGdNNr5Sj5A_Lg
UCnIvvV6EvCo71qNPQEnfxfQ
UCKHwIgrhudYnZN7RMq5Kvow
UC682JBU93KMPqi0w0yEIEAw
UCjPFOqP4uX9FUm3XUcTQx0w
UCaZZ1-VV3xB-obeYADJCbZw